ASxxxx Linker V03.00 + NoICE + sdld,  page 1.
Hexadecimal  [32-Bits]

Area                                    Addr        Size        Decimal Bytes (Attributes)
--------------------------------        ----        ----        ------- ----- ------------
CABS                                00000000    00000000 =           0. bytes (ABS,CON,CODE)

      Value  Global                              Global Defined In Module
      -----  --------------------------------   ------------------------
C:   00000000  l_BIT_BANK                      
C:   00000000  l_BSEG                          
C:   00000000  l_BSEG_BYTES                    
C:   00000000  l_CABS                          
C:   00000000  l_GSINIT1                       
C:   00000000  l_GSINIT5                       
C:   00000000  l_IABS                          
C:   00000000  l_ISEG                          
C:   00000000  l_PSEG                          
C:   00000000  l_REG_BANK_1                    
C:   00000000  l_REG_BANK_2                    
C:   00000000  l_REG_BANK_3                    
C:   00000000  l_RSEG                          
C:   00000000  l_RSEG0                         
C:   00000000  l_RSEG1                         
C:   00000000  l_XABS                          
C:   00000000  l_XINIT                         
C:   00000000  l_XISEG                         
C:   00000000  l_XSEG                          
C:   00000000  l__CODE                         
C:   00000000  s_BSEG                          
C:   00000000  s_CABS                          
C:   00000000  s_DSEG                          
C:   00000000  s_HOME                          
C:   00000000  s_IABS                          
C:   00000000  s_ISEG                          
C:   00000000  s_REG_BANK_0                    
C:   00000000  s_RSEG                          
C:   00000000  s_RSEG0                         
C:   00000000  s_RSEG1                         
C:   00000000  s_XABS                          
C:   00000001  s_PSEG                          
C:   00000001  s_XISEG                         
C:   00000001  s_XSEG                          
C:   00000003  l_GSFINAL                       
C:   00000003  l_GSINIT0                       
C:   00000006  l_HOME                          
C:   00000006  l_OSEG                          
C:   00000006  s_GSINIT0                       
C:   00000008  l_REG_BANK_0                    
C:   00000008  s_REG_BANK_1                    
C:   00000009  l_GSINIT                        
C:   00000009  s_GSINIT1                       
C:   00000009  s_GSINIT2                       
C:   0000000A  l_GSINIT2                       
C:   0000000B  l_CONST                         
C:   00000010  s_REG_BANK_2                    
C:   00000013  s_GSINIT3                       
C:   00000018  s_BIT_BANK                      
C:   00000018  s_REG_BANK_3                    
ASxxxx Linker V03.00 + NoICE + sdld,  page 2.
Hexadecimal  [32-Bits]

Area                                    Addr        Size        Decimal Bytes (Attributes)
--------------------------------        ----        ----        ------- ----- ------------
CABS                                00000000    00000000 =           0. bytes (ABS,CON,CODE)

      Value  Global                              Global Defined In Module
      -----  --------------------------------   ------------------------
C:   00000020  s_BSEG_BYTES                    
C:   00000020  s__CODE                         
C:   00000022  l_GSINIT3                       
C:   0000002A  l_GSINIT4                       
C:   00000035  s_GSINIT4                       
C:   0000004C  s_OSEG                          
C:   00000052  s_SSEG                          
C:   0000005F  s_GSINIT                        
C:   0000005F  s_GSINIT5                       
C:   00000068  s_GSFINAL                       
C:   0000006B  s_CSEG                          
C:   00000080  l_DSEG                          
C:   000000AE  l_SSEG                          
C:   00000100  l_IRAM                          
C:   00000D59  l_CSEG                          
C:   00000DC4  s_CONST                         
C:   00000DCF  s_XINIT                         

ASxxxx Linker V03.00 + NoICE + sdld,  page 3.
Hexadecimal  [32-Bits]

Area                                    Addr        Size        Decimal Bytes (Attributes)
--------------------------------        ----        ----        ------- ----- ------------
.  .ABS.                            00000000    00000000 =           0. bytes (ABS,CON)

      Value  Global                              Global Defined In Module
      -----  --------------------------------   ------------------------
     00000000  .__.ABS.                           _startup
     00000080  _P0                                Sys_tick
     00000080  _P0_0                              Sys_tick
     00000081  _P0_1                              Sys_tick
     00000081  _SP                                Sys_tick
     00000082  _DPL                               Sys_tick
     00000082  _P0_2                              Sys_tick
     00000083  _DPH                               Sys_tick
     00000083  _P0_3                              Sys_tick
     00000084  _P0_4                              Sys_tick
     00000085  _P0_5                              Sys_tick
     00000086  _P0_6                              Sys_tick
     00000087  _P0_7                              Sys_tick
     00000087  _PCON                              Sys_tick
     00000088  _IT0                               Sys_tick
     00000088  _TCON                              Sys_tick
     00000089  _IE0                               Sys_tick
     00000089  _TMOD                              Sys_tick
     0000008A  _IT1                               Sys_tick
     0000008A  _TL0                               Sys_tick
     0000008B  _IE1                               Sys_tick
     0000008B  _TL1                               Sys_tick
     0000008C  _TH0                               Sys_tick
     0000008C  _TR0                               Sys_tick
     0000008D  _TF0                               Sys_tick
     0000008D  _TH1                               Sys_tick
     0000008E  _TR1                               Sys_tick
     0000008F  _TF1                               Sys_tick
     00000090  _P1                                Sys_tick
     00000090  _P1_0                              Sys_tick
     00000091  _P1_1                              Sys_tick
     00000092  _P1_2                              Sys_tick
     00000093  _P1_3                              Sys_tick
     00000094  _P1_4                              Sys_tick
     00000095  _P1_5                              Sys_tick
     00000096  _P1_6                              Sys_tick
     00000097  _P1_7                              Sys_tick
     00000098  _RI                                Sys_tick
     00000098  _SCON                              Sys_tick
     00000099  _SBUF                              Sys_tick
     00000099  _TI                                Sys_tick
     0000009A  _RB8                               Sys_tick
     0000009B  _TB8                               Sys_tick
     0000009C  _REN                               Sys_tick
     0000009D  _SM2                               Sys_tick
     0000009E  _SM1                               Sys_tick
     0000009F  _SM0                               Sys_tick
     000000A0  _P2                                Sys_tick
     000000A0  _P2_0                              Sys_tick
     000000A0  __XPAGE                            
ASxxxx Linker V03.00 + NoICE + sdld,  page 4.
Hexadecimal  [32-Bits]

Area                                    Addr        Size        Decimal Bytes (Attributes)
--------------------------------        ----        ----        ------- ----- ------------
.  .ABS.                            00000000    00000000 =           0. bytes (ABS,CON)

      Value  Global                              Global Defined In Module
      -----  --------------------------------   ------------------------
     000000A1  _P2_1                              Sys_tick
     000000A2  _P2_2                              Sys_tick
     000000A3  _P2_3                              Sys_tick
     000000A4  _P2_4                              Sys_tick
     000000A5  _P2_5                              Sys_tick
     000000A6  _P2_6                              Sys_tick
     000000A7  _P2_7                              Sys_tick
     000000A8  _EX0                               Sys_tick
     000000A8  _IE                                Sys_tick
     000000A9  _ET0                               Sys_tick
     000000AA  _EX1                               Sys_tick
     000000AB  _ET1                               Sys_tick
     000000AC  _ES                                Sys_tick
     000000AF  _EA                                Sys_tick
     000000B0  _P3                                Sys_tick
     000000B0  _P3_0                              Sys_tick
     000000B0  _RXD                               Sys_tick
     000000B1  _P3_1                              Sys_tick
     000000B1  _TXD                               Sys_tick
     000000B2  _INT0                              Sys_tick
     000000B2  _P3_2                              Sys_tick
     000000B3  _INT1                              Sys_tick
     000000B3  _P3_3                              Sys_tick
     000000B4  _P3_4                              Sys_tick
     000000B4  _T0                                Sys_tick
     000000B5  _P3_5                              Sys_tick
     000000B5  _T1                                Sys_tick
     000000B6  _P3_6                              Sys_tick
     000000B6  _WR                                Sys_tick
     000000B7  _P3_7                              Sys_tick
     000000B7  _RD                                Sys_tick
     000000B8  _IP                                Sys_tick
     000000B8  _PX0                               Sys_tick
     000000B9  _PT0                               Sys_tick
     000000BA  _PX1                               Sys_tick
     000000BB  _PT1                               Sys_tick
     000000BC  _PS                                Sys_tick
     000000D0  _P                                 Sys_tick
     000000D0  _PSW                               Sys_tick
     000000D1  _F1                                Sys_tick
     000000D2  _OV                                Sys_tick
     000000D3  _RS0                               Sys_tick
     000000D4  _RS1                               Sys_tick
     000000D5  _F0                                Sys_tick
     000000D6  _AC                                Sys_tick
     000000D7  _CY                                Sys_tick
     000000E0  _ACC                               Sys_tick
     000000F0  _B                                 Sys_tick
     000000F5  _B_5                               _gptrget
     000000F6  _B_6                               _gptrget
     000000F7  _B_7                               _gptrget

ASxxxx Linker V03.00 + NoICE + sdld,  page 5.
Hexadecimal  [32-Bits]

Area                                    Addr        Size        Decimal Bytes (Attributes)
--------------------------------        ----        ----        ------- ----- ------------
REG_BANK_0                          00000000    00000008 =           8. bytes (REL,OVR)

      Value  Global                              Global Defined In Module
      -----  --------------------------------   ------------------------
ASxxxx Linker V03.00 + NoICE + sdld,  page 6.
Hexadecimal  [32-Bits]

Area                                    Addr        Size        Decimal Bytes (Attributes)
--------------------------------        ----        ----        ------- ----- ------------
DSEG                                00000000    00000080 =         128. bytes (REL,CON)

      Value  Global                              Global Defined In Module
      -----  --------------------------------   ------------------------
     00000020  _Segment_write_PARM_2              7_Seg
     00000021  _Segment_write_PARM_3              7_Seg
     00000027  _Segment_write_number_PARM_2       7_Seg
     00000028  _Segment_write_number_PARM_3       7_Seg
     0000002E  _Multi_Segment_write_Digits_PARM   7_Seg
     00000034  _Segment_Write_char_PARM_2         7_Seg
     0000003D  _Send_Command_PARM_2               LCD16X2
     00000041  _Send_Data_PARM_2                  LCD16X2
     00000045  _LCD_Write_Str_PARM_2              LCD16X2
     00000048  _sys_tick_ms                       Sys_tick

ASxxxx Linker V03.00 + NoICE + sdld,  page 7.
Hexadecimal  [32-Bits]

Area                                    Addr        Size        Decimal Bytes (Attributes)
--------------------------------        ----        ----        ------- ----- ------------
OSEG                                0000004C    00000006 =           6. bytes (REL,OVR)

      Value  Global                              Global Defined In Module
      -----  --------------------------------   ------------------------
     0000004C  _GPIO_PORT_Write_PARM_2            GPIO
     0000004C  _GPIO_Read_PARM_2                  GPIO
     0000004C  _GPIO_Write_PARM_2                 GPIO
     0000004C  __divsint_PARM_2                   _divuint
     0000004C  __divuint_PARM_2                   _divuint
     0000004C  __gptrput_PARM_2                   _gptrput
     0000004C  __modsint_PARM_2                   _moduint
     0000004C  __moduint_PARM_2                   _moduint

ASxxxx Linker V03.00 + NoICE + sdld,  page 8.
Hexadecimal  [32-Bits]

Area                                    Addr        Size        Decimal Bytes (Attributes)
--------------------------------        ----        ----        ------- ----- ------------
SSEG                                00000052    000000AE =         174. bytes (REL,OVR)

      Value  Global                              Global Defined In Module
      -----  --------------------------------   ------------------------
     00000052  __start__stack                     main

ASxxxx Linker V03.00 + NoICE + sdld,  page 9.
Hexadecimal  [32-Bits]

Area                                    Addr        Size        Decimal Bytes (Attributes)
--------------------------------        ----        ----        ------- ----- ------------
HOME                                00000000    00000006 =           6. bytes (REL,CON,CODE)

      Value  Global                              Global Defined In Module
      -----  --------------------------------   ------------------------
C:   00000003  __sdcc_program_startup             main

ASxxxx Linker V03.00 + NoICE + sdld,  page 10.
Hexadecimal  [32-Bits]

Area                                    Addr        Size        Decimal Bytes (Attributes)
--------------------------------        ----        ----        ------- ----- ------------
GSINIT0                             00000006    00000003 =           3. bytes (REL,CON,CODE)

      Value  Global                              Global Defined In Module
      -----  --------------------------------   ------------------------
C:   00000006  __sdcc_gsinit_startup              

ASxxxx Linker V03.00 + NoICE + sdld,  page 11.
Hexadecimal  [32-Bits]

Area                                    Addr        Size        Decimal Bytes (Attributes)
--------------------------------        ----        ----        ------- ----- ------------
GSINIT2                             00000009    0000000A =          10. bytes (REL,CON,CODE)

      Value  Global                              Global Defined In Module
      -----  --------------------------------   ------------------------
ASxxxx Linker V03.00 + NoICE + sdld,  page 12.
Hexadecimal  [32-Bits]

Area                                    Addr        Size        Decimal Bytes (Attributes)
--------------------------------        ----        ----        ------- ----- ------------
GSINIT3                             00000013    00000022 =          34. bytes (REL,CON,CODE)

      Value  Global                              Global Defined In Module
      -----  --------------------------------   ------------------------
C:   00000013  __mcs51_genXINIT                   

ASxxxx Linker V03.00 + NoICE + sdld,  page 13.
Hexadecimal  [32-Bits]

Area                                    Addr        Size        Decimal Bytes (Attributes)
--------------------------------        ----        ----        ------- ----- ------------
GSINIT4                             00000035    0000002A =          42. bytes (REL,CON,CODE)

      Value  Global                              Global Defined In Module
      -----  --------------------------------   ------------------------
C:   00000035  __mcs51_genRAMCLEAR                
C:   0000003B  __mcs51_genXRAMCLEAR               

ASxxxx Linker V03.00 + NoICE + sdld,  page 14.
Hexadecimal  [32-Bits]

Area                                    Addr        Size        Decimal Bytes (Attributes)
--------------------------------        ----        ----        ------- ----- ------------
GSINIT                              0000005F    00000009 =           9. bytes (REL,CON,CODE)

      Value  Global                              Global Defined In Module
      -----  --------------------------------   ------------------------
ASxxxx Linker V03.00 + NoICE + sdld,  page 15.
Hexadecimal  [32-Bits]

Area                                    Addr        Size        Decimal Bytes (Attributes)
--------------------------------        ----        ----        ------- ----- ------------
GSFINAL                             00000068    00000003 =           3. bytes (REL,CON,CODE)

      Value  Global                              Global Defined In Module
      -----  --------------------------------   ------------------------
ASxxxx Linker V03.00 + NoICE + sdld,  page 16.
Hexadecimal  [32-Bits]

Area                                    Addr        Size        Decimal Bytes (Attributes)
--------------------------------        ----        ----        ------- ----- ------------
CSEG                                0000006B    00000D59 =        3417. bytes (REL,CON,CODE)

      Value  Global                              Global Defined In Module
      -----  --------------------------------   ------------------------
C:   0000006B  _main                              main
C:   000000BE  _LUT                               7_Seg
C:   00000227  _Segment_Init                      7_Seg
C:   0000024B  _Segment_write                     7_Seg
C:   00000324  _Segment_write_number              7_Seg
C:   0000041C  _Multi_Segment_write_Digits        7_Seg
C:   000004DA  _Segment_Write_char                7_Seg
C:   00000545  _delay_ms                          Delay
C:   00000578  _Tim_delay_ms                      Delay
C:   000005A1  _GPIO_Write                        GPIO
C:   00000742  _GPIO_Read                         GPIO
C:   000008EA  _GPIO_Toggle                       GPIO
C:   000009BF  _GPIO_PORT_Write                   GPIO
C:   00000A15  _Send_Command                      LCD16X2
C:   00000AE3  _Send_Data                         LCD16X2
C:   00000BB1  _LCD_Write_Str                     LCD16X2
C:   00000BF4  _LCD_Init                          LCD16X2
C:   00000C57  _timer1_ISR                        Sys_tick
C:   00000C92  _Sys_Tick_Init                     Sys_tick
C:   00000CA5  __gptrput                          _gptrput
C:   00000CC0  __moduint                          _moduint
C:   00000D0D  __divuint                          _divuint
C:   00000D36  __gptrget                          _gptrget
C:   00000D52  __modsint                          _modsint
C:   00000D88  __divsint                          _divsint
C:   00000DC0  __sdcc_external_startup            _startup

ASxxxx Linker V03.00 + NoICE + sdld,  page 17.
Hexadecimal  [32-Bits]

Area                                    Addr        Size        Decimal Bytes (Attributes)
--------------------------------        ----        ----        ------- ----- ------------
CONST                               00000DC4    0000000B =          11. bytes (REL,CON,CODE)

      Value  Global                              Global Defined In Module
      -----  --------------------------------   ------------------------
ASxxxx Linker V03.00 + NoICE + sdld,  page 18.

Files Linked                              [ module(s) ]

build/main.rel                            [  ]
build/7_Seg.rel                           [  ]
build/Delay.rel                           [  ]
build/GPIO.rel                            [  ]
build/LCD16X2.rel                         [  ]
build/Sys_tick.rel                        [  ]


Libraries Linked                          [ object file ]

/usr/share/sdcc/lib/small/mcs51.lib       [ crtclear.rel ]
/usr/share/sdcc/lib/small/mcs51.lib       [ crtxinit.rel ]
/usr/share/sdcc/lib/small/libsdcc.lib     [ _gptrput.rel ]
/usr/share/sdcc/lib/small/libint.lib      [ _moduint.rel ]
/usr/share/sdcc/lib/small/libint.lib      [ _divuint.rel ]
/usr/share/sdcc/lib/small/mcs51.lib       [ crtxclear.rel ]
/usr/share/sdcc/lib/small/mcs51.lib       [ crtpagesfr.rel ]
/usr/share/sdcc/lib/small/mcs51.lib       [ crtstart.rel ]
/usr/share/sdcc/lib/small/libsdcc.lib     [ _gptrget.rel ]
/usr/share/sdcc/lib/small/libint.lib      [ _modsint.rel ]
/usr/share/sdcc/lib/small/libint.lib      [ _divsint.rel ]
/usr/share/sdcc/lib/small/libsdcc.lib     [ _startup.rel ]

ASxxxx Linker V03.00 + NoICE + sdld,  page 19.

User Base Address Definitions

HOME = 0x0000
XSEG = 0x0001
PSEG = 0x0001
ISEG = 0x0000
BSEG = 0x0000

